▲ Next.js 16.1.6 (webpack)
- Environments: .env.local
- Experiments (use with caution):
  · optimizePackageImports

  Creating an optimized production build ...
✓ Compiled successfully in 5.3s
  Skipping validation of types
  Collecting page data using 9 workers ...
  Generating static pages using 9 workers (0/49) ...
  Generating static pages using 9 workers (12/49) 
  Generating static pages using 9 workers (24/49) 
  Generating static pages using 9 workers (36/49) 
✓ Generating static pages using 9 workers (49/49) in 366.7ms
  Finalizing page optimization ...
  Collecting build traces ...

Route (app)
┌ ƒ /
├ ○ /_not-found
├ ○ /agencias
├ ƒ /api/backoffice/seed-properties
├ ƒ /api/broadcast/create
├ ƒ /api/broadcast/process
├ ƒ /api/cron/tasks
├ ƒ /api/geocode
├ ƒ /api/properties
├ ƒ /api/properties/[id]
├ ƒ /api/properties/[id]/geocode
├ ƒ /api/properties/health-score
├ ƒ /api/seed
├ ƒ /api/tasks/auto-generate
├ ƒ /api/tasks/check-overdue
├ ƒ /api/upload
├ ƒ /api/whatsapp/send
├ ƒ /api/whatsapp/status
├ ○ /auth
├ ○ /auth/reset-password
├ ○ /ayuda
├ ○ /backoffice
├ ○ /backoffice/analytics
├ ○ /backoffice/ayuda
├ ○ /backoffice/captaciones
├ ○ /backoffice/configuracion
├ ○ /backoffice/contactos
├ ƒ /backoffice/contactos/[id]
├ ○ /backoffice/inbox
├ ○ /backoffice/inventario
├ ○ /backoffice/propiedades
├ ƒ /backoffice/propiedades/[id]
├ ○ /backoffice/propiedades/nueva
├ ○ /backoffice/reportes
├ ○ /backoffice/tareas
├ ○ /backoffice/tasks
├ ○ /backoffice/usuarios
├ ○ /blog
├ ○ /contacto
├ ○ /cortex
├ ○ /equipo
├ ○ /financiamiento
├ ○ /guias
├ ƒ /mls
├ ƒ /mls/[id]
├ ƒ /propiedades
├ ƒ /propiedades/[id]
├ ƒ /propiedades/[id]/print
├ ○ /rentar
├ ○ /rentar-mi-propiedad
├ ƒ /shared/[token]
├ ○ /sobre-nosotros
├ ○ /valuacion
├ ○ /vender
└ ○ /vender-mi-propiedad


ƒ Proxy (Middleware)

○  (Static)   prerendered as static content
ƒ  (Dynamic)  server-rendered on demand

